% Usage: dvipdfmx -f dvipdfmx_ndl14_extra.map doc.dvi
% Usage: dvipdfmx -f pdftex_ndl14.map -f dvipdfmx_ndl14_extra.map doc.dvi
cob texnansi Courier-Bold
cobo texnansi Courier-BoldOblique
com texnansi Courier
coo texnansi Courier-Oblique
hv texnansi Helvetica
hvb texnansi Helvetica-Bold
hvbo texnansi Helvetica-BoldOblique
hvo texnansi Helvetica-Oblique
pcrb8r 8r Courier-Bold
pcrb8y texnansi Courier-Bold
pcrbo8r 8r Courier-BoldOblique
pcrbo8y texnansi Courier-BoldOblique
pcrr8r 8r Courier
pcrr8y texnansi Courier
pcrro8r 8r Courier-Oblique
pcrro8y texnansi Courier-Oblique
phvb8r 8r Helvetica-Bold
phvb8y texnansi Helvetica-Bold
phvbo8r 8r Helvetica-BoldOblique
phvbo8y texnansi Helvetica-BoldOblique
phvr8r 8r Helvetica
phvr8y texnansi Helvetica
phvro8r 8r Helvetica-Oblique
phvro8y texnansi Helvetica-Oblique
ptmb8r 8r Times-Bold
ptmb8y texnansi Times-Bold
ptmbi8r 8r Times-BoldItalic
ptmbi8y texnansi Times-BoldItalic
ptmr8r 8r Times-Roman
ptmr8y texnansi Times-Roman
ptmri8r 8r Times-Italic
ptmri8y texnansi Times-Italic
rtxphvb 8r Helvetica-Bold
rtxphvr 8r Helvetica
rtxptmb 8r Times-Bold
rtxptmbi 8r Times-BoldItalic
rtxptmr 8r Times-Roman
rtxptmri 8r Times-Italic
tib texnansi Times-Bold
tibi texnansi Times-BoldItalic
tii texnansi Times-Italic
tir texnansi Times-Roman
tmbi108r 8r Times-BoldItalic
tmrb108r 8r Times-Bold
tmri108r 8r Times-Italic
tmrm108r 8r Times-Roman
