% Usage: pdflatex "\pdfmapfile{=pdftex_ndl14_extra.map}\input" doc.tex
% Please consider using pdftex_ndl14_extraflag.map instead, which contains
% extra information (font flags) for the PDF viewer.
cob Courier-Bold "TeXnANSIEncoding ReEncodeFont" <texnansi.enc
cobo Courier-BoldOblique "TeXnANSIEncoding ReEncodeFont" <texnansi.enc
com Courier "TeXnANSIEncoding ReEncodeFont" <texnansi.enc
coo Courier-Oblique "TeXnANSIEncoding ReEncodeFont" <texnansi.enc
hv Helvetica "TeXnANSIEncoding ReEncodeFont" <texnansi.enc
hvb Helvetica-Bold "TeXnANSIEncoding ReEncodeFont" <texnansi.enc
hvbo Helvetica-BoldOblique "TeXnANSIEncoding ReEncodeFont" <texnansi.enc
hvo Helvetica-Oblique "TeXnANSIEncoding ReEncodeFont" <texnansi.enc
pcrb8r Courier-Bold "TeXBase1Encoding ReEncodeFont" <8r.enc
pcrb8y Courier-Bold "TeXnANSIEncoding ReEncodeFont" <texnansi.enc
pcrbo8r Courier-BoldOblique "TeXBase1Encoding ReEncodeFont" <8r.enc
pcrbo8y Courier-BoldOblique "TeXnANSIEncoding ReEncodeFont" <texnansi.enc
pcrr8r Courier "TeXBase1Encoding ReEncodeFont" <8r.enc
pcrr8y Courier "TeXnANSIEncoding ReEncodeFont" <texnansi.enc
pcrro8r Courier-Oblique "TeXBase1Encoding ReEncodeFont" <8r.enc
pcrro8y Courier-Oblique "TeXnANSIEncoding ReEncodeFont" <texnansi.enc
phvb8r Helvetica-Bold "TeXBase1Encoding ReEncodeFont" <8r.enc
phvb8y Helvetica-Bold "TeXnANSIEncoding ReEncodeFont" <texnansi.enc
phvbo8r Helvetica-BoldOblique "TeXBase1Encoding ReEncodeFont" <8r.enc
phvbo8y Helvetica-BoldOblique "TeXnANSIEncoding ReEncodeFont" <texnansi.enc
phvr8r Helvetica "TeXBase1Encoding ReEncodeFont" <8r.enc
phvr8y Helvetica "TeXnANSIEncoding ReEncodeFont" <texnansi.enc
phvro8r Helvetica-Oblique "TeXBase1Encoding ReEncodeFont" <8r.enc
phvro8y Helvetica-Oblique "TeXnANSIEncoding ReEncodeFont" <texnansi.enc
ptmb8r Times-Bold "TeXBase1Encoding ReEncodeFont" <8r.enc
ptmb8y Times-Bold "TeXnANSIEncoding ReEncodeFont" <texnansi.enc
ptmbi8r Times-BoldItalic "TeXBase1Encoding ReEncodeFont" <8r.enc
ptmbi8y Times-BoldItalic "TeXnANSIEncoding ReEncodeFont" <texnansi.enc
ptmr8r Times-Roman "TeXBase1Encoding ReEncodeFont" <8r.enc
ptmr8y Times-Roman "TeXnANSIEncoding ReEncodeFont" <texnansi.enc
ptmri8r Times-Italic "TeXBase1Encoding ReEncodeFont" <8r.enc
ptmri8y Times-Italic "TeXnANSIEncoding ReEncodeFont" <texnansi.enc
rtxphvb Helvetica-Bold "TeXBase1Encoding ReEncodeFont" <8r.enc
rtxphvr Helvetica "TeXBase1Encoding ReEncodeFont" <8r.enc
rtxptmb Times-Bold "TeXBase1Encoding ReEncodeFont" <8r.enc
rtxptmbi Times-BoldItalic "TeXBase1Encoding ReEncodeFont" <8r.enc
rtxptmr Times-Roman "TeXBase1Encoding ReEncodeFont" <8r.enc
rtxptmri Times-Italic "TeXBase1Encoding ReEncodeFont" <8r.enc
tib Times-Bold "TeXnANSIEncoding ReEncodeFont" <texnansi.enc
tibi Times-BoldItalic "TeXnANSIEncoding ReEncodeFont" <texnansi.enc
tii Times-Italic "TeXnANSIEncoding ReEncodeFont" <texnansi.enc
tir Times-Roman "TeXnANSIEncoding ReEncodeFont" <texnansi.enc
tmbi108r Times-BoldItalic "TeXBase1Encoding ReEncodeFont" <8r.enc
tmrb108r Times-Bold "TeXBase1Encoding ReEncodeFont" <8r.enc
tmri108r Times-Italic "TeXBase1Encoding ReEncodeFont" <8r.enc
tmrm108r Times-Roman "TeXBase1Encoding ReEncodeFont" <8r.enc
